\BOOKMARK [1][-]{section.1}{\376\377\000E\000l\000e\000t\000t\000r\000i\000c\000i\000t\000\340}{}% 1
\BOOKMARK [2][-]{subsection.1.1}{\376\377\000P\000r\000i\000m\000a\000\040\000l\000e\000g\000g\000e\000\040\000d\000i\000\040\000K\000i\000r\000c\000h\000h\000o\000f\000f}{section.1}% 2
\BOOKMARK [2][-]{subsection.1.2}{\376\377\000C\000o\000n\000n\000e\000s\000s\000i\000o\000n\000e\000\040\000i\000n\000\040\000p\000a\000r\000a\000l\000l\000e\000l\000o}{section.1}% 3
\BOOKMARK [1][-]{section.2}{\376\377\000L\000e\000z\000i\000o\000n\000e\000\040\0006}{}% 4
\BOOKMARK [1][-]{section.3}{\376\377\000L\000e\000z\000i\000o\000n\000e\000\040\0007}{}% 5
\BOOKMARK [2][-]{subsection.3.1}{\376\377\000G\000P\000I\000O\000\040\000a\000n\000a\000l\000o\000g\000i\000c\000o}{section.3}% 6
\BOOKMARK [1][-]{section.4}{\376\377\000L\000e\000z\000i\000o\000n\000e\000\040\0008}{}% 7
\BOOKMARK [1][-]{section.5}{\376\377\000L\000e\000z\000i\000o\000n\000e\000\040\0009}{}% 8
\BOOKMARK [1][-]{section.6}{\376\377\000L\000e\000z\000i\000o\000n\000e\000\040\0001\0000}{}% 9
\BOOKMARK [2][-]{subsection.6.1}{\376\377\000I\000n\000t\000e\000r\000r\000u\000p\000t}{section.6}% 10
\BOOKMARK [1][-]{section.7}{\376\377\000L\000e\000z\000i\000o\000n\000e\000\040\0001\0001}{}% 11
\BOOKMARK [2][-]{subsection.7.1}{\376\377\000C\000o\000m\000p\000o\000n\000e\000n\000t\000i}{section.7}% 12
\BOOKMARK [3][-]{subsubsection.7.1.1}{\376\377\000I\000n\000t\000e\000r\000r\000u\000t\000t\000o\000r\000e}{subsection.7.1}% 13
\BOOKMARK [3][-]{subsubsection.7.1.2}{\376\377\000L\000a\000m\000p\000a\000d\000i\000n\000e}{subsection.7.1}% 14
\BOOKMARK [3][-]{subsubsection.7.1.3}{\376\377\000R\000e\000l\000\350}{subsection.7.1}% 15
\BOOKMARK [3][-]{subsubsection.7.1.4}{\376\377\000C\000o\000n\000d\000e\000n\000s\000a\000t\000o\000r\000e}{subsection.7.1}% 16
\BOOKMARK [3][-]{subsubsection.7.1.5}{\376\377\000S\000e\000m\000i\000c\000o\000n\000d\000u\000t\000t\000o\000r\000i}{subsection.7.1}% 17
\BOOKMARK [1][-]{section.8}{\376\377\000L\000e\000z\000i\000o\000n\000e\000\040\0001\0002}{}% 18
\BOOKMARK [2][-]{subsubsection.8.0.1}{\376\377\000S\000e\000n\000s\000o\000r\000i\000\040\000\050\000q\000u\000e\000l\000l\000i\000\040\000r\000o\000s\000s\000i\000\051}{section.8}% 19
\BOOKMARK [2][-]{subsection.8.1}{\376\377\000T\000a\000s\000k\000i\000n\000g}{section.8}% 20
\BOOKMARK [3][-]{subsubsection.8.1.1}{\376\377\000C\000o\000o\000p\000e\000r\000a\000t\000i\000v\000e}{subsection.8.1}% 21
\BOOKMARK [1][-]{section.9}{\376\377\000L\000e\000z\000i\000o\000n\000e\000\040\0001\0003}{}% 22
\BOOKMARK [2][-]{subsection.9.1}{\376\377\000T\000r\000a\000n\000s\000i\000s\000t\000o\000r}{section.9}% 23
\BOOKMARK [2][-]{subsection.9.2}{\376\377\000P\000o\000n\000t\000e\000\040\000H}{section.9}% 24
\BOOKMARK [1][-]{section.10}{\376\377\000L\000e\000z\000i\000o\000n\000e\000\040\0001\0004}{}% 25
\BOOKMARK [2][-]{subsection.10.1}{\376\377\000C\000o\000m\000u\000n\000i\000c\000a\000z\000i\000o\000n\000e\000\040\000"\000l\000o\000c\000a\000l\000e\000"}{section.10}% 26
\BOOKMARK [1][-]{section.11}{\376\377\000L\000e\000z\000i\000o\000n\000e\000\040\0001\0005}{}% 27
\BOOKMARK [2][-]{subsection.11.1}{\376\377\000B\000i\000t\000\040\000b\000a\000n\000g\000i\000n\000g}{section.11}% 28
\BOOKMARK [2][-]{subsection.11.2}{\376\377\000C\000o\000m\000u\000n\000i\000c\000a\000z\000i\000o\000n\000e\000\040\000"\000l\000o\000n\000t\000a\000n\000a\000"}{section.11}% 29
